  argv[0]=git
  argv[1]=clone
  argv[2]=-b
  argv[3]=main
  argv[4]=--depth=1
  argv[5]=https://github.com/acme/widget.git
  argv[6]=widget
  argv[0]=git
  argv[1]=clone
  argv[2]=-b
  argv[3]=develop
  argv[4]=git@github.com:acme/gadget.git
  argv[5]=gadget
  argv[0]=git
  argv[1]=clone
  argv[2]=-b
  argv[3]=release/v2
  argv[4]=--depth=5
  argv[5]=https://github.com/acme/sprocket.git
  argv[6]=sprocket
